// Jest Snapshot v1, https://goo.gl/fbAQLP

exports[`expense dashboard page to be rendered 1`] = `
<div>
  <Connect(ExpenseList) />
  <Connect(ExpenseListFilters) />
</div>
`;
