// Jest Snapshot v1, https://goo.gl/fbAQLP

exports[`should render expense list item 1`] = `
<div>
  <Link
    to="/edit/2"
  >
    <h3>
      gum
    </h3>
  </Link>
  <p>
    Amount : 
    1095
  </p>
  <p>
    Created At : 
    -345600000
  </p>
</div>
`;
